1 PaintSaveFileVersion1.0 0
2 EndPaintSaveFile 1
1 PaintSaveFileVersion1.0 0
2 EndPaintSaveFile 1
1 PaintSaveFileVersion1.0 0
2 EndPaintSaveFile 1
1 EndPaintSaveFile 0
1 PaintSaveFileVersion1.0 0
2 Circle 1
3 color:255,0,0 2
4 filled:true 7
5 center:(123,58) 11
6 radius:11 15
7 EndCircle 19
8 EndPaintSaveFile 1
1 PaintSaveFileVersion1.0 0
2 Circle 1
3 color:81,240,22 2
4 filled:false 7
5 center:(65,62) 11
6 radius:9 15
7 EndCircle 19
8 Circle 1
9 color:25,76,32 2
10 filled:true 7
11 center:(123,58) 11
12 radius:11 15
13 EndCircle 19
14 EndPaintSaveFile 1
1 PaintSaveFileVersion1.0 0
2 Circle 1
3 color:256,0,0 2
1 PaintSaveFileVersion1.0 0
2 Circle 1
3 color:255,0,0 2
4 filled:true 7
5 center:(123,58) 11
6 radius:11 15
7 EndRectangle 19
1 PaintSaveFileVersion1.0 0
2 Circle 1
3 filled:true 2
1 PaintSaveFileVersion1.0 0
2 Rectangle 1
3 color:36,18,161 3
4 filled:false 8
5 p1:(62,102) 12
6 p2:(138,110) 16
7 EndRectangle 20
8 EndPaintSaveFile 1
1 PaintSaveFileVersion1.0 0
2 Rectangle 1
3 color:36,18,161 3
4 filled:false 8
5 p1:(62,102) 12
6 p2:(138,110) 16
7 EndRectangle 20
8 Rectangle 1
9 color:32,10,156 3
10 filled:true 8
11 p1:(100,96) 12
12 p2:(130,67) 16
13 EndRectangle 20
14 EndPaintSaveFile 1
1 PaintSaveFileVersion1.0 0
2 Rectangle 1
3 color:36,18,161 3
4 filled:false 8
5 p2:(138,110) 12
1 PaintSaveFileVersion1.0 0
2 Squiggle 1
3 color:115,164,133 4
4 filled:true 9
5 points 13
6 point:(87,82) 17
7 point:(87,84) 17
8 endpoints 17
9 EndSquiggle 21
10 EndPaintSaveFile 1
1 PaintSaveFileVersion1.0 0
2 Circle 1
3 color:81,240,22 2
4 filled:false 7
5 center:(65,62) 11
6 radius:9 15
7 EndCircle 19
8 Circle 1
9 color:25,76,32 2
10 filled:true 7
11 center:(123,58) 11
12 radius:11 15
13 EndCircle 19
14 Squiggle 1
15 color:115,164,133 4
16 filled:true 9
17 points 13
18 point:(87,82) 17
19 point:(87,84) 17
20 point:(87,85) 17
21 point:(87,86) 17
22 point:(87,87) 17
23 point:(86,88) 17
24 point:(87,88) 17
25 point:(88,88) 17
26 point:(89,88) 17
27 point:(93,88) 17
28 point:(98,88) 17
29 point:(103,88) 17
30 point:(107,88) 17
31 point:(108,88) 17
32 point:(107,88) 17
33 point:(106,88) 17
34 point:(106,87) 17
35 point:(106,86) 17
36 point:(105,86) 17
37 point:(105,85) 17
38 point:(105,84) 17
39 endpoints 17
40 EndSquiggle 21
41 Rectangle 1
42 color:36,18,161 3
43 filled:false 8
44 p1:(62,102) 12
45 p2:(138,110) 16
46 EndRectangle 20
47 EndPaintSaveFile 1
1 PaintSaveFileVersion1.0 0
2 Circle 1
3 color:81,240,22 2
4 filled:false 7
5 center:(65,62) 11
6 radius:9 15
7 EndCircle 19
8 Circle 1
9 color:25,76,32 2
10 filled:true 7
11 center:(123,58) 11
12 radius:11 15
13 EndCircle 19
14 Squiggle 1
15 color:115,164,133 4
16 filled:true 9
17 points 13
18 point:(87,82) 17
19 point:(87,84) 17
20 point:(87,85) 17
21 point:(87,86) 17
22 point:(87,87) 17
23 point:(86,88) 17
24 point:(87,88) 17
25 point:(88,88) 17
26 point:(89,88) 17
27 point:(93,88) 17
28 point:(98,88) 17
29 point:(103,88) 17
30 point:(107,88) 17
31 point:(108,88) 17
32 point:(107,88) 17
33 point:(106,88) 17
34 point:(106,87) 17
35 point:(106,86) 17
36 point:(105,86) 17
37 point:(105,85) 17
38 point:(105,84) 17
39 endpoints 17
40 EndSquiggle 21
41 Rectangle 1
42 color:36,18,161 3
43 filled:false 8
44 p1:(62,102) 12
45 p2:(138,110) 16
46 EndRectangle 20
47 EndPaintSaveFile 1
48 MoreExtraContent 6
1 PaintSaveFileVersion1.0 0
2 Circle 1
3 color:81,240,22 2
4 filled:false 7
5 center:(65,62) 11
6 radius:9 15
7 EndCircle 19
8 Circle 1
9 color:25,76,32 2
10 filled:true 7
11 center:(123,58) 11
12 radius:11 15
13 Squiggle 19

Thanks for using JUnit! Support its development at https://junit.org/sponsoring

[36m╷[0m
[36m├─[0m [36mJUnit Jupiter[0m [32m✔[0m
[36m│  └─[0m [36mPaintFileParserTest[0m [32m✔[0m
[36m│     ├─[0m [34mparserTest1()[0m [32m✔[0m
[36m│     ├─[0m [34mparserTest2()[0m [32m✔[0m
[36m│     ├─[0m [34mparserTest3()[0m [32m✔[0m
[36m│     ├─[0m [34mparserTest4()[0m [32m✔[0m
[36m│     ├─[0m [34mparserTest5()[0m [32m✔[0m
[36m│     ├─[0m [34mparserTest6()[0m [32m✔[0m
[36m│     ├─[0m [34mparserTest7()[0m [32m✔[0m
[36m│     ├─[0m [34mparserTest8()[0m [32m✔[0m
[36m│     ├─[0m [34mparserTest9()[0m [32m✔[0m
[36m│     ├─[0m [34mparserTest10()[0m [32m✔[0m
[36m│     ├─[0m [34mparserTest11()[0m [32m✔[0m
[36m│     ├─[0m [34mparserTest12()[0m [32m✔[0m
[36m│     ├─[0m [34mparserTest13()[0m [32m✔[0m
[36m│     ├─[0m [34mparserTest14()[0m [32m✔[0m
[36m│     ├─[0m [34mparserTest15()[0m [32m✔[0m
[36m│     └─[0m [34mparserTest16()[0m [32m✔[0m
[36m├─[0m [36mJUnit Vintage[0m [32m✔[0m
[36m└─[0m [36mJUnit Platform Suite[0m [32m✔[0m

Test run finished after 61 ms
[         4 containers found      ]
[         0 containers skipped    ]
[         4 containers started    ]
[         0 containers aborted    ]
[         4 containers successful ]
[         0 containers failed     ]
[        16 tests found           ]
[         0 tests skipped         ]
[        16 tests started         ]
[         0 tests aborted         ]
[        16 tests successful      ]
[         0 tests failed          ]

