1 EXAMPLEBEGIN 0
Wrote to /virtual/csc207ta/marking_a3/marking/linryan5/src/resources/EXAMPLEFACE10.png
1 EXAMPLEBEGIN 0
Wrote to /virtual/csc207ta/marking_a3/marking/linryan5/src/resources/EXAMPLEFACE11.png
1 EXAMPLEBEGIN 0
Wrote to /virtual/csc207ta/marking_a3/marking/linryan5/src/resources/EXAMPLEFACE12.png
1 EXAMPLEBEGIN 0
Wrote to /virtual/csc207ta/marking_a3/marking/linryan5/src/resources/EXAMPLEFACE1.png
1 EXAMPLEBEGIN 0
Wrote to /virtual/csc207ta/marking_a3/marking/linryan5/src/resources/EXAMPLEFACE2.png
1 EXAMPLEBEGIN 0
Wrote to /virtual/csc207ta/marking_a3/marking/linryan5/src/resources/EXAMPLEFACE3.png
1 EXAMPLEBEGIN 0
Wrote to /virtual/csc207ta/marking_a3/marking/linryan5/src/resources/EXAMPLEFACE4.png
1 EXAMPLEBEGIN 0
Wrote to /virtual/csc207ta/marking_a3/marking/linryan5/src/resources/EXAMPLEFACE5.png
1 EXAMPLEBEGIN 0
Wrote to /virtual/csc207ta/marking_a3/marking/linryan5/src/resources/EXAMPLEFACE6.png
1 EXAMPLEBEGIN 0
Wrote to /virtual/csc207ta/marking_a3/marking/linryan5/src/resources/EXAMPLEFACE7.png
1 EXAMPLEBEGIN 0
Wrote to /virtual/csc207ta/marking_a3/marking/linryan5/src/resources/EXAMPLEFACE8.png
1 EXAMPLEBEGIN 0
Wrote to /virtual/csc207ta/marking_a3/marking/linryan5/src/resources/EXAMPLEFACE9.png
1 EXAMPLESTART 0
Wrote to /virtual/csc207ta/marking_a3/marking/linryan5/src/resources/EXAMPLEGROUND1.png
1 EXAMPLESTART 0
Wrote to /virtual/csc207ta/marking_a3/marking/linryan5/src/resources/EXAMPLEGROUND2.png
1 EXAMPLESTART 0
Wrote to /virtual/csc207ta/marking_a3/marking/linryan5/src/resources/EXAMPLEMOON1.png
1 EXAMPLESTART 0
Wrote to /virtual/csc207ta/marking_a3/marking/linryan5/src/resources/EXAMPLEMOON2.png
1 EXAMPLESTART 0
Wrote to /virtual/csc207ta/marking_a3/marking/linryan5/src/resources/EXAMPLEMOON3.png
1 EXAMPLESTART 0
Wrote to /virtual/csc207ta/marking_a3/marking/linryan5/src/resources/EXAMPLEMOON4.png
1 EXAMPLESTART 0
Wrote to /virtual/csc207ta/marking_a3/marking/linryan5/src/resources/EXAMPLEMOON5.png
1 EXAMPLESTART 0
Wrote to /virtual/csc207ta/marking_a3/marking/linryan5/src/resources/EXAMPLEMOON6.png
1 EXAMPLESTART 0
Wrote to /virtual/csc207ta/marking_a3/marking/linryan5/src/resources/EXAMPLEMOON7.png
1 EXAMPLESTART 0
Wrote to /virtual/csc207ta/marking_a3/marking/linryan5/src/resources/EXAMPLEMOON8.png
1 EXAMPLEBEGIN 0
Wrote to /virtual/csc207ta/marking_a3/marking/linryan5/src/resources/EXAMPLESKY1.png
1 EXAMPLEBEGIN 0
Wrote to /virtual/csc207ta/marking_a3/marking/linryan5/src/resources/EXAMPLETREE10.png
1 EXAMPLEBEGIN 0
Wrote to /virtual/csc207ta/marking_a3/marking/linryan5/src/resources/EXAMPLETREE1.png
1 EXAMPLESTART 0
Wrote to /virtual/csc207ta/marking_a3/marking/linryan5/src/resources/EXAMPLETREE2.png
1 EXAMPLESTART 0
Wrote to /virtual/csc207ta/marking_a3/marking/linryan5/src/resources/EXAMPLETREE3.png
1 EXAMPLESTART 0
Wrote to /virtual/csc207ta/marking_a3/marking/linryan5/src/resources/EXAMPLETREE4.png
1 EXAMPLESTART 0
Wrote to /virtual/csc207ta/marking_a3/marking/linryan5/src/resources/EXAMPLETREE5.png
1 EXAMPLESTART 0
Wrote to /virtual/csc207ta/marking_a3/marking/linryan5/src/resources/EXAMPLETREE6.png
1 EXAMPLESTART 0
Wrote to /virtual/csc207ta/marking_a3/marking/linryan5/src/resources/EXAMPLETREE7.png
1 EXAMPLESTART 0
Wrote to /virtual/csc207ta/marking_a3/marking/linryan5/src/resources/EXAMPLETREE8.png
1 EXAMPLESTART 0
Wrote to /virtual/csc207ta/marking_a3/marking/linryan5/src/resources/EXAMPLETREE9.png
1 ANumberedDocumentconsistsofasequence 0
Wrote to /virtual/csc207ta/marking_a3/marking/linryan5/src/resources/numberedDocumentFormat.png
1 PaintSaveFileVersion1.0 0
2 Rectangle 1
3 X=25Y=15W=100H=120 20
Wrote to /virtual/csc207ta/marking_a3/marking/linryan5/src/resources/OllamaPaintFile1.png
1 PaintSaveFileVersion1.0 0
2  1
3 Circle 1
4 X=20Y=10R=5 10
Wrote to /virtual/csc207ta/marking_a3/marking/linryan5/src/resources/OllamaPaintFile2.png
1 PaintSaveFileVersion1.0 0
2 Rectangle 1
3 color:0,0,0 20
4 filled:true 21
5 p1:(500,500) 22
6 p2:(-143,-144) 23
7 EndRectangle 24
8 Circle 1
9 color:242,66,66 10
10 filled:true 11
11 center:(109,281) 12
12 radius:62 13
13 EndCircle 14
14 Circle 1
15 color:77,218,54 10
16 filled:true 11
17 center:(159,191) 12
18 radius:42 13
19 EndCircle 14
20 Circle 1
21 color:255,249,58 10
22 filled:true 11
23 center:(309,81) 12
24 radius:31 13
25 EndCircle 14
26 Circle 1
27 color:120,120,120 10
28 filled:true 11
29 center:(109,281-62) 12
Wrote to /virtual/csc207ta/marking_a3/marking/linryan5/src/resources/PaintFile1_1.png
1 PaintSaveFileVersion1.0 0
2 Rectangle 1
3 color:0,0,0 20
4 filled:true 21
5 p1:(500,500) 22
6 p2:(-143,-144) 23
7 EndRectangle 24
8 Circle 1
9 color:242,66,66 10
10 filled:true 11
11 center:(109,281) 12
12 radius:62 13
13 EndCircle 14
14 Circle 1
15 color:77,218,54 10
16 filled:true 11
17 center:(159,191) 12
18 radius:42 13
19 EndCircle 14
20 Circle 1
21 color:255,249,58 10
22 filled:true 11
23 center:(309,81) 12
24 radius:31 13
25 EndCircle 14
26 Circle 1
27 color:242,66,66 10
28 filled:true 11
29 center:(109,281) 12
30 radius:16 13
31 color:127,127,127 14
Wrote to /virtual/csc207ta/marking_a3/marking/linryan5/src/resources/PaintFile1_2.png
1 PaintSaveFileVersion1.0 0
2 Rectangle 1
3 color:0,0,0 20
4 filled:true 21
5 p1:(500,500) 22
6 p2:(-143,-144) 23
7 EndRectangle 24
8 Circle 1
9 color:77,218,54 10
10 filled:true 11
11 center:(159,191) 12
12 radius:62 13
13 EndCircle 14
14 Circle 1
15 color:242,66,66 10
16 filled:true 11
17 center:(309,81) 12
18 radius:31 13
19 EndCircle 14
20 Circle 1
21 color:255,249,58 10
22 filled:true 11
23 center:(109,281) 12
24 radius:42 13
25 EndCircle 14
26 Circle 1
27 color:120,120,120 10
28 filled:true 11
29 center:(200,150) 12
30 radius:12 13
31 EndCircle 14
32 Circle 1
33 color:130,130,130 10
34 filled:true 11
35 center:(350,300) 12
36 radius:10 13
37 EndCircle 14
38 Circle 1
39 color:100,100,100 10
40 filled:true 11
41 center:(450,450) 12
42 radius:8 13
43 EndCircle 14
44 Circle 1
45 color:125,125,125 10
46 filled:true 11
47 center:(200,180) 12
48 radius:15 13
49 EndCircle 14
50 Circle 1
51 color:110,110,110 10
52 filled:true 11
53 center:(350,280) 12
54 radius:11 13
55 EndCircle 14
56 Circle 1
57 color:100,100,100 10
58 filled:true 11
59 center:(470,420) 12
60 radius:9 13
61 EndCircle 14
62 EndPaintSaveFile 1
63  999
Wrote to /virtual/csc207ta/marking_a3/marking/linryan5/src/resources/PaintFile1_3.png
1 PaintSaveFileVersion1.0 0
2 Rectangle 1
3 color:135,206,235 20
4 filled:true 21
5 p1:(0,0) 22
6 p2:(500,500) 23
7 EndRectangle 24
8 Rectangle 1
9 color:19,109,21 20
10 filled:true 21
11 p1:(0,217) 22
12 p2:(500,500) 23
13 EndRectangle 24
14 Circle 1
15 color:50,205,50 10
16 filled:true 11
17 center:(320,250) 12
18 radius:60 13
19 EndCircle 14
20 EndPaintSaveFile 1
21  999
Wrote to /virtual/csc207ta/marking_a3/marking/linryan5/src/resources/PaintFile2_1.png
1 PaintSaveFileVersion1.0 0
2 Rectangle 1
3 color:135,206,235 20
4 filled:true 21
5 p1:(0,0) 22
6 p2:(500,500) 23
7 EndRectangle 24
8 Rectangle 1
9 color:19,109,21 20
10 filled:true 21
11 p1:(0,217) 22
12 p2:(500,500) 23
13 EndRectangle 24
14 Circle 1
15 color:50,205,50 10
16 filled:true 11
17 center:(320,250) 12
18 radius:60 13
19 EndCircle 14
20 EndPaintSaveFile 1
21  999
Wrote to /virtual/csc207ta/marking_a3/marking/linryan5/src/resources/PaintFile2_2.png
1 PaintSaveFileVersion1.0 0
2 Rectangle 1
3 color:135,206,235 20
4 filled:true 21
5 p1:(0,0) 22
6 p2:(500,500) 23
7 EndRectangle 24
8 Rectangle 1
9 color:19,109,21 20
10 filled:true 21
11 p1:(0,217) 22
12 p2:(500,500) 23
13 EndRectangle 24
14 Circle 1
15 color:50,205,50 10
16 filled:true 11
17 center:(320,250) 12
18 radius:60 13
19 EndCircle 14
20 Rectangle 1
21 color:120,72,35 20
22 filled:true 21
23 p1:(180,270) 22
24 p2:(220,400) 23
25 EndRectangle 24
26 Circle 1
27 color:34,139,34 10
28 filled:true 11
29 center:(200,240) 12
30 radius:70 13
31 EndCircle 14
32 Rectangle 1
33 color:139,69,19 20
34 filled:true 21
35 p1:(300,300) 22
36 p2:(340,450) 23
37 EndRectangle 24
38 Circle 1
39 color:50,205,50 10
40 filled:true 11
41 center:(320,250) 12
42 radius:60 13
43 EndCircle 14
44 Rectangle 1
45 color:150,75,50 20
46 filled:true 21
47 p1:(150,310) 22
48 p2:(190,450) 23
49 EndRectangle 24
50 Circle 1
51 color:107,142,35 10
52 filled:true 11
53 center:(170,270) 12
54 radius:50 13
55 EndCircle 14
56 Rectangle 1
57 color:160,82,45 20
58 filled:true 21
59 p1:(240,290) 22
60 p2:(280,440) 23
61 EndRectangle 24
62 Circle 1
63 color:85,107,47 10
64 filled:true 11
65 center:(260,250) 12
66 radius:55 13
67 EndCircle 14
68 Rectangle 1
69 color:100,50,30 20
70 filled:true 21
71 p1:(400,320) 22
72 p2:(440,470) 23
73 EndRectangle 24
74 Circle 1
75 color:0,128,0 10
76 filled:true 11
77 center:(420,280) 12
78 radius:60 13
79 EndCircle 14
80 Rectangle 1
81 color:133,94,66 20
82 filled:true 21
83 p1:(340,280) 22
84 p2:(380,430) 23
85 EndRectangle 24
86 Circle 1
87 color:60,179,113 10
88 filled:true 11
89 center:(360,240) 12
90 radius:65 13
91 EndCircle 14
92 Rectangle 1
93 color:156,102,31 20
94 filled:true 21
95 p1:(120,320) 22
96 p2:(160,470) 23
97 EndRectangle 24
98 Circle 1
99 color:32,178,170 10
100 filled:true 11
101 center:(140,280) 12
102 radius:60 13
103 EndCircle 14
104 Rectangle 1
105 color:105,45,20 20
106 filled:true 21
107 p1:(270,300) 22
108 p2:(310,460) 23
109 EndRectangle 24
110 Circle 1
111 color:46,139,87 10
112 filled:true 11
113 center:(290,260) 12
114 radius:50 13
115 EndCircle 14
116 EndPaintSaveFile 1
117  999
Wrote to /virtual/csc207ta/marking_a3/marking/linryan5/src/resources/PaintFile2_3.png
1 PaintSaveFileVersion1.0 0
2 Circle 1
3 color:200,100,150 10
4 filled:true 11
5 center:(150,200) 12
6 radius:120 13
7 EndCircle 14
8 Circle 1
9 color:255,0,0 10
10 filled:true 11
11 center:(110,180) 12
12 radius:15 13
13 EndCircle 14
14 Circle 1
15 color:50,205,50 10
16 filled:true 11
17 center:(190,180) 12
18 radius:20 13
19 EndCircle 14
20 Rectangle 1
21 color:100,50,25 20
22 filled:true 21
23 p1:(150,190) 22
24 p2:(170,215) 23
25 EndRectangle 24
26 Polyline 1
27 color:255,150,50 40
28 filled:false 41
29 points 42
30 point:(110,240) 43
31 point:(140,260) 43
32 point:(180,260) 43
33 point:(210,240) 43
34 point:(210,240) 43
35 endpoints 43
36 EndPolyline 44
37 EndPaintSaveFile 1
38  999
Wrote to /virtual/csc207ta/marking_a3/marking/linryan5/src/resources/PaintFile3_1.png
1 PaintSaveFileVersion1.0 0
2 Circle 1
3 color:200,100,150 10
4 filled:true 11
5 center:(150,220) 12
6 radius:120 13
7 EndCircle 14
8 Circle 1
9 color:255,255,0 10
10 filled:true 11
11 center:(110,190) 12
12 radius:20 13
13 EndCircle 14
14 Circle 1
15 color:255,0,0 10
16 filled:true 11
17 center:(180,190) 12
18 radius:25 13
19 EndCircle 14
20 Rectangle 1
21 color:90,45,30 20
22 filled:true 21
23 p1:(140,170) 22
24 p2:(160,200) 23
25 EndRectangle 24
26 Polyline 1
27 color:60,180,75 40
28 filled:false 41
29 points 42
30 point:(110,240) 43
31 point:(130,260) 43
32 point:(170,260) 43
33 point:(190,240) 43
34 point:(190,240) 43
35 endpoints 43
36 EndPolyline 44
37 EndPaintSaveFile 1
38  999
Wrote to /virtual/csc207ta/marking_a3/marking/linryan5/src/resources/PaintFile3_2.png
1 PaintSaveFileVersion1.0 0
2 Circle 1
3 color:200,100,150 10
4 filled:true 11
5 center:(150,220) 12
6 radius:120 13
7 EndCircle 14
8 Circle 1
9 color:255,0,0 10
10 filled:true 11
11 center:(130,180) 12
12 radius:18 13
13 EndCircle 14
14 Circle 1
15 color:50,205,50 10
16 filled:true 11
17 center:(170,180) 12
18 radius:20 13
19 EndCircle 14
20 Rectangle 1
21 color:90,45,30 20
22 filled:true 21
23 p1:(140,190) 22
24 p2:(160,220) 23
25 EndRectangle 24
26 Polyline 1
27 color:255,150,50 40
28 filled:false 41
29 points 42
30 point:(110,240) 43
31 point:(140,260) 43
32 point:(180,260) 43
33 point:(210,240) 43
34 point:(210,240) 43
35 endpoints 43
36 EndPolyline 44
37 EndPaintSaveFile 1
38  999
Wrote to /virtual/csc207ta/marking_a3/marking/linryan5/src/resources/PaintFile3_3.png
1 EXAMPLESTART 0
Wrote to /virtual/csc207ta/marking_a3/marking/linryan5/src/resources/paintSaveFileCircleExample.png
1 ---------------------------------- 0
Wrote to /virtual/csc207ta/marking_a3/marking/linryan5/src/resources/paintSaveFileCircleFormat.png
1 EXAMPLESTART 0
Wrote to /virtual/csc207ta/marking_a3/marking/linryan5/src/resources/paintSaveFileExample.png
1 ---------------------------------- 0
Wrote to /virtual/csc207ta/marking_a3/marking/linryan5/src/resources/paintSaveFileFormat.png
1 ---------------------------------- 0
Wrote to /virtual/csc207ta/marking_a3/marking/linryan5/src/resources/paintSaveFilePolylineFormat.png
1 ---------------------------------- 0
Wrote to /virtual/csc207ta/marking_a3/marking/linryan5/src/resources/paintSaveFileRectFormat.png
Wrote to /virtual/csc207ta/marking_a3/marking/linryan5/src/resources/printSaveFileScribbleFormat.png
1 ------------------ 0
Wrote to /virtual/csc207ta/marking_a3/marking/linryan5/src/resources/spaceBackgroundExample.png
Wrote to /virtual/csc207ta/marking_a3/marking/linryan5/src/resources/spaceDetailExample.png
1 ---------- 0
Wrote to /virtual/csc207ta/marking_a3/marking/linryan5/src/resources/spaceMoonExample.png
1 ------------------ 0
Wrote to /virtual/csc207ta/marking_a3/marking/linryan5/src/resources/spacePlanetExample.png
1 ------------------ 0
Wrote to /virtual/csc207ta/marking_a3/marking/linryan5/src/resources/spaceRingedPlanetExample.png
Wrote to /virtual/csc207ta/marking_a3/marking/linryan5/src/resources/spaceStarExample.png
